  ADDR B1 B2 B3 B4 C:\Users\osva_\Desktop\5 SEMESTRE\EPC\68HC11-    PAGE       1

                                           * PROYECTO 2 TRADUCCION ENTRE ROMANO
.                  Y ARABIGO
                                           *------------------------------------
.                  -----------
                                           *  CONSTANTES DEL PROGRAMA
                                           *------------------------------------
.                  -----------
                   SCDR   EQU   $102F
                   SCCR2  EQU   $102D
                   SCSR   EQU   $102E
                   SCCR1  EQU   $102C
                   BAUD   EQU   $102B
                   HPRIO  EQU   $103C
                   SPCR   EQU   $1028
                   CSCTL  EQU   $105D
                   OPT2   EQU   $1038
                   DDRD   EQU   $1009

                                           *------------------------------------
.                  -----------
                                           *  DIRECCIONES A UTILIZAR
                                           *------------------------------------
.                  -----------
                   DIRESULTADO                     EQU $0050
                   DIR_INPUT                       EQU $0030
                   DIR_TEXTUAL                             EQU $0070
                                           *------------------------------------
.                  -----------
                                           *  DECLARACION DE VARIABLES PARA
.                  NUMEROS ROMANOS
                                           *------------------------------------
.                  -----------
                   CARACTER_RECIBIDO               EQU $0000
                   M                                       EQU $0016   *VARIABLE
.                  DE LETRAS M
                   D                                       EQU $0017   *VARIABLE
.                  DE LETRA D
                   C                                       EQU $0018   *VARIABLE
.                  DE LETRA C
                   L                                       EQU $0019   *VARIABLE
.                  DE LETRA L
                   X_                                      EQU $0020   *VARIABLE
.                  DE LETRA X
                   V                                       EQU $0021   *VARIABLE
.                  DE LETRA U
                   I                                       EQU $0022   *VARIABLE
.                  DE LETRA I
                   O                                       EQU $0023   *VARIABLE
.                  DEL OK

                   BAND_ERROR                              EQU $0002   *
.                  VARIABLE DE ERROR
                   UNIDAD                                  EQU $0053   *
.                  DIRECCION PARA ESCRIBIR UNIDADES
                   DECENA                                  EQU $0052   *
.                  DIRECCION PARA ESCRIBIR DECENAS
                   CENTENA                                 EQU $0051   *
.                  DIRECCION PARA ESCRIBIR CENTENA
                   MIL                                     EQU $0050   *
.                  DIRECCION PARA ESCRIBIR UNIDADES DE MILLAR

                                           *------------------------------------
.                  -----------
                                           *  DECLARACION DE VARIABLES PARA
.                  NUMEROS ARABIGOS
  ADDR B1 B2 B3 B4 C:\Users\osva_\Desktop\5 SEMESTRE\EPC\68HC11-    PAGE       2

                                           *------------------------------------
.                  -----------
                   BANDTRADUC                              EQU $0024
                   CHARNUMBER                              EQU $0010
                   BANDERA_ERROR                   EQU $0011      * VARIABLE DE
.                  ERROR PARA ARABIGOS
                   CONTADOR                                EQU $0028
                   CONTADOR_EXT                    EQU $0010



                                   ORG $8000
                   INICIO
  8000 8E 00 FF                    LDS #$00FF
  8003 BD 84 75                    JSR SERIAL              * SUBRUTINA PARA
.                  CONFIG EL PUERTO SERIAL
  8006 BD 84 F0                    JSR LIMPIEZA
  8009 BD 80 AA                    JSR INICIALIZAR
                   CYCLEIN
  800C 86 3F                       LDAA    #'?
  800E 97 00                       STAA    CARACTER_RECIBIDO
                   CICLO
  8010 96 00                       LDAA    CARACTER_RECIBIDO
  8012 81 3F                       CMPA    #'?
  8014 27 FA                       BEQ     CICLO

                   ENTRADARABIGOS
  8016 81 3D               CMPA #61            *61 es ascii de =
  8018 27 39                   BEQ ROMANOTRADUCT
  801A 81 4F               CMPA #'O                        *INICIO DE OK
  801C 27 21                       BEQ CASOO_ARABIGO
  801E 81 4B               CMPA #'K
  8020 27 25               BEQ CASOOK_ARABIGO  *RECIBE OK EN ARABIGOS
  8022 BD 80 EB                    JSR ISARABIGO           *CARGA UN 1 EN B SI
.                  ES ARABIGO
  8025 C1 01                       CMPB #1
  8027 26 0F                       BNE SALTOINROMANO
  8029 D6 10               LDAB    CHARNUMBER
  802B C1 03               CMPB    #3
  802D 22 6E               BHI     ERNUMRANGE              *VALIDAMOS UN NUMERO
.                  MAYOR DE 4 DIGITOS
  802F 5C                  INCB
  8030 D7 10               STAB CHARNUMBER                     *INCREMENTAMOS EL
.                  CONTADOR DE CARACTERES
  8032 A7 00               STAA $00,X
  8034 08                  INX
  8035 7E 80 0C            JMP CYCLEIN
                   SALTOINROMANO
  8038 C6 02                       LDAB #2
  803A D7 24                       STAB BANDTRADUC
  803C 7E 82 99                    JMP ENTRADA_ROMANO

                   CASOO_ARABIGO
  803F D6 23                       LDAB O
  8041 5C                          INCB
  8042 D7 23                       STAB O
  8044 7E 80 0C                    JMP CYCLEIN

                   CASOOK_ARABIGO
  8047 D6 23                       LDAB O
  8049 C1 00                       CMPB #0
  804B 27 50                       BEQ ERNUMRANGE
  804D BD 80 AA                    JSR INICIALIZAR
                                   *JSR LIMPIEZA
  8050 7E 80 0C            JMP CYCLEIN
  ADDR B1 B2 B3 B4 C:\Users\osva_\Desktop\5 SEMESTRE\EPC\68HC11-    PAGE       3


                   ROMANOTRADUCT
  8053 C6 01                       LDAB #1
  8055 D7 24                       STAB BANDTRADUC
  8057 96 11                       LDAA BANDERA_ERROR
  8059 81 01                       CMPA #1
  805B 27 AF                       BEQ CYCLEIN
  805D 18 CE 00 50                 LDY #DIRESULTADO        *CARGAMOS LA
.                  DIRECCION DE ESCRITURA
  8061 CE 00 30                    LDX #DIR_INPUT          *CARGAMOS LA
.                  DIRECCION DE LA ENTRADA
  8064 96 10                       LDAA CHARNUMBER
  8066 81 01                       CMPA #1                                 *
.                  FOLTRAMOS EL NUMERO DE CARACTERES PARA LA TRADUCCION
  8068 27 2A                       BEQ ESUNID
  806A 81 02                       CMPA #2
  806C 27 22                       BEQ ESDEC
  806E 81 03                       CMPA #3
  8070 27 1A                       BEQ ESCENTE
  8072 81 04                       CMPA #4
  8074 27 03                       BEQ ESMIL
  8076 7E 80 0C                    JMP CYCLEIN           *POR SI NO SE VALIDA
.                  BIEN


                   ESMIL
  8079 E6 00                       LDAB $00,X      *TOMAR EL PRIMER NUM CHAR Y
.                  PONERLO EN B
  807B C1 31               CMPB #$31       *
  807D 25 0D                       BLO ESCENTE * VALIDA QUE SEA MAYOR A 0 EN
.                  ASCII
                   CYCLEESMIL
  807F 86 4D                       LDAA #'M                * CARGA UNA M EN EL
.                  ACUMULADOR A
  8081 18 A7 00                    STAA $00,Y      * ESCRIBE EN LA DIR DE Y
  8084 18 08                       INY                     * INCREMENTAMOS Y
.                  PARA CONTINUAR ESCRIBIENDO
  8086 5A                          DECB            * DECREMENTAMOS B
  8087 C1 30                       CMPB #$30       * ASCII DE 0
  8089 26 F4                       BNE CYCLEESMIL       * MIENTRAS NO
.                  ENCONTREMOS UN PUNTO(.) SE REPITE
  808B 08                          INX             * PASAMOS AL SIGUIENTE NUM
.                  DIGITO
                   ESCENTE
  808C BD 81 0C                    JSR ESCRIBE_CENTENA
  808F 08                          INX
                   ESDEC
                           * GUARDA EN A, EL VALOR DE X
  8090 BD 81 97                    JSR ESCRIBE_DECENA
  8093 08                          INX
                   ESUNID
  8094 BD 82 13                    JSR ESCRIBE_UNIDAD
  8097 7E 85 5A                    JMP MUCHO_TEXTO
  809A 7E 80 0C                    JMP CYCLEIN

                   ERNUMRANGE
  809D CE 00 50                    LDX #DIRESULTADO     * DIRECCION DEL MENSAJE
  80A0 18 CE 30 3D                 LDY #MENSAJE_E_RANGO
  80A4 BD 80 FB                    JSR ERROR
  80A7 7E 80 0C                    JMP CYCLEIN


                   INICIALIZAR
  80AA CE 00 30                    LDX #DIR_INPUT
  80AD 18 CE 00 50                 LDY #DIRESULTADO                        *ES
  ADDR B1 B2 B3 B4 C:\Users\osva_\Desktop\5 SEMESTRE\EPC\68HC11-    PAGE       4

.                  50
  80B1 7F 00 24                    CLR BANDTRADUC
  80B4 7F 00 23                    CLR O
  80B7 7F 31 FE                    CLR UNO
  80BA 7F 00 10                    CLR CHARNUMBER
  80BD 7F 00 11                    CLR BANDERA_ERROR
                   CICLOLIMPIEZA1
  80C0 C6 FF                       LDAB #$ff
  80C2 18 E7 00                    STAB $00,Y
  80C5 18 08                       INY
  80C7 18 8C 00 F0                 CPY #$00F0
  80CB 26 F3                       BNE CICLOLIMPIEZA1
  80CD 18 CE 00 30                 LDY #DIR_INPUT  ** LA 30
                   CICLOLIMPIEZA2
  80D1 C6 FF                       LDAB #$FF
  80D3 18 E7 00                    STAB $00,Y
  80D6 18 08                       INY
  80D8 18 8C 00 40                 CPY #$0040
  80DC 26 F3                       BNE CICLOLIMPIEZA2
  80DE 7F 00 53                    CLR UNIDAD
  80E1 7F 00 52                    CLR DECENA
  80E4 7F 00 51                    CLR CENTENA
  80E7 7F 00 50                    CLR MIL
  80EA 39                          RTS

                   ISARABIGO
  80EB 81 30                       CMPA #$30               *Valor 0
  80ED 25 07                       BLO ERROR_ARABIGO
  80EF 81 3A                       CMPA #$3A               * Valor 9
  80F1 22 03                       BHI ERROR_ARABIGO
  80F3 C6 01                       LDAB #1
                   FIN_ISARABIGO
  80F5 39                          RTS

                   ERROR_ARABIGO
  80F6 C6 04                       LDAB #4
  80F8 7E 80 F5                    JMP FIN_ISARABIGO



                   ERROR
  80FB C6 01                       LDAB #1
  80FD D7 11                       STAB BANDERA_ERROR
                   ERROR_CICLO1
  80FF 18 E6 00                    LDAB $00,Y              *TOMA CARACTER DEL
.                  FCC
  8102 E7 00                       STAB $00,X      *ESCRIBE EL CHAR EN LA DIR DE
.                  X
  8104 08                          INX
  8105 18 08                       INY                     * INCREMENTAMOS X Y Y
  8107 C1 2E                       CMPB #46        * ASCII DE PUNTO
  8109 26 F4                       BNE ERROR_CICLO1       * MIENTRAS NO
.                  ENCONTREMOS UN PUNTO(.) SE REPITE
  810B 39                          RTS
                   ESCRIBE_CENTENA
  810C 3C                          PSHX        * RESPALDA/COPIA EL VALOR DE X
  810D A6 00                       LDAA $00,X  * GUARDA EN A, EL CARACTER DE X
  810F 80 30                       SUBA #$30       * RESTA 30 PARA VER QUE
.                  NUMERO ES
  8111 81 01                       CMPA #1
  8113 27 22                       BEQ  NUM_1_CENTENA
  8115 81 02                       CMPA #2
  8117 27 27                       BEQ  NUM_2_CENTENA
  8119 81 03                       CMPA #3
  811B 27 2C                       BEQ  NUM_3_CENTENA
  ADDR B1 B2 B3 B4 C:\Users\osva_\Desktop\5 SEMESTRE\EPC\68HC11-    PAGE       5

  811D 81 04                       CMPA #4
  811F 27 31                       BEQ  NUM_4_CENTENA
  8121 81 05                       CMPA #5
  8123 27 36                       BEQ  NUM_5_CENTENA
  8125 81 06                       CMPA #6
  8127 27 3B                       BEQ  NUM_6_CENTENA
  8129 81 07                       CMPA #7
  812B 27 40                       BEQ  NUM_7_CENTENA
  812D 81 08                       CMPA #8
  812F 27 45                       BEQ  NUM_8_CENTENA
  8131 81 09                       CMPA #9
  8133 27 4A                       BEQ  NUM_9_CENTENA
                   FIN_CENTENA
  8135 38                          PULX
  8136 39                  RTS
                   NUM_1_CENTENA
  8137 CE 31 C4                    LDX #CIEN     * DIRECCION DE MEMORIA DE 100
                                   *LDY #CIENWORD
  813A BD 81 88                    JSR CICLO_ESCRITURA
  813D 7E 81 35                    JMP FIN_CENTENA
                   NUM_2_CENTENA
  8140 CE 31 C6                    LDX #DOSCIENTOS     * DIRECCION DE MEMORIA DE
.                  200
                                   *LDY #DOSWORD
                                   *LDY #MILWORD
  8143 BD 81 88                    JSR CICLO_ESCRITURA
  8146 7E 81 35                    JMP FIN_CENTENA
                   NUM_3_CENTENA
  8149 CE 31 C9                    LDX #TRESCIENTOS     * DIRECCION DE MEMORIA
.                  DE 300
  814C BD 81 88                    JSR CICLO_ESCRITURA
  814F 7E 81 35                    JMP FIN_CENTENA
                   NUM_4_CENTENA
  8152 CE 31 CD                    LDX #CUATROCIENTOS     * DIRECCION DE MEMORIA
.                  DE 400
  8155 BD 81 88                    JSR CICLO_ESCRITURA
  8158 7E 81 35                    JMP FIN_CENTENA
                   NUM_5_CENTENA
  815B CE 31 D0                    LDX #QUINIENTOS     * DIRECCION DE MEMORIA DE
.                  500
  815E BD 81 88                    JSR CICLO_ESCRITURA
  8161 7E 81 35                    JMP FIN_CENTENA
                   NUM_6_CENTENA
  8164 CE 31 D2                    LDX #SEISCIENTOS     * DIRECCION DE MEMORIA
.                  DE 600
  8167 BD 81 88                    JSR CICLO_ESCRITURA
  816A 7E 81 35                    JMP FIN_CENTENA
                   NUM_7_CENTENA
  816D CE 31 D5                    LDX #SETECIENTOS     * DIRECCION DE MEMORIA
.                  DE 700
  8170 BD 81 88                    JSR CICLO_ESCRITURA
  8173 7E 81 35                    JMP FIN_CENTENA
                   NUM_8_CENTENA
  8176 CE 31 D9                    LDX #OCHOCIENTOS     * DIRECCION DE MEMORIA
.                  DE 800
  8179 BD 81 88                    JSR CICLO_ESCRITURA
  817C 7E 81 35                    JMP FIN_CENTENA
                   NUM_9_CENTENA
  817F CE 31 DE                    LDX #NOVECIENTOS    * DIRECCION DE MEMORIA DE
.                  900
  8182 BD 81 88                    JSR CICLO_ESCRITURA
  8185 7E 81 35                    JMP FIN_CENTENA

                   CICLO_ESCRITURA
  8188 E6 00               LDAB $00,X              * TOMA CARACTER DEL FCC
  ADDR B1 B2 B3 B4 C:\Users\osva_\Desktop\5 SEMESTRE\EPC\68HC11-    PAGE       6

  818A 18 E7 00                    STAB $00,Y      * ESCRIBE EL CHAR EN LA DIR
.                  DE Y
  818D 08                          INX
  818E 18 08                       INY                     * INCREMENTAMOS X Y Y
  8190 C1 20                       CMPB #$20        * ASCII DE ESPACIO
  8192 26 F4                       BNE CICLO_ESCRITURA   * MIENTRAS NO
.                  ENCONTREMOS UN PUNTO(.) SE REPITE
  8194 18 09                       DEY
  8196 39                          RTS

                   ESCRIBE_DECENA
  8197 3C                          PSHX
  8198 A6 00                       LDAA $00,X
  819A 80 30                       SUBA #$30
  819C 81 01                       CMPA #1
  819E 27 22                       BEQ  NUM_1_DECENA
  81A0 81 02                       CMPA #2
  81A2 27 27                       BEQ  NUM_2_DECENA
  81A4 81 03                       CMPA #3
  81A6 27 2C                       BEQ  NUM_3_DECENA
  81A8 81 04                       CMPA #4
  81AA 27 31                       BEQ  NUM_4_DECENA
  81AC 81 05                       CMPA #5
  81AE 27 36                       BEQ  NUM_5_DECENA
  81B0 81 06                       CMPA #6
  81B2 27 3B                       BEQ  NUM_6_DECENA
  81B4 81 07                       CMPA #7
  81B6 27 40                       BEQ  NUM_7_DECENA
  81B8 81 08                       CMPA #8
  81BA 27 45                       BEQ  NUM_8_DECENA
  81BC 81 09                       CMPA #9
  81BE 27 4A                       BEQ  NUM_9_DECENA
                   FIN_DECENA
  81C0 38                          PULX
  81C1 39                  RTS

                   NUM_1_DECENA
  81C2 CE 31 E1                    LDX #DIEZ     * DIRECCION DE MEMORIA DE 10
  81C5 BD 81 88                    JSR CICLO_ESCRITURA
  81C8 7E 81 C0                    JMP FIN_DECENA
                   NUM_2_DECENA
  81CB CE 31 E3                    LDX #VEINTE     * DIRECCION DE MEMORIA DE 20
  81CE BD 81 88                    JSR CICLO_ESCRITURA
  81D1 7E 81 C0                    JMP FIN_DECENA
                   NUM_3_DECENA
  81D4 CE 31 E6                    LDX #TREINTA     * DIRECCION DE MEMORIA DE 30
  81D7 BD 81 88                    JSR CICLO_ESCRITURA
  81DA 7E 81 C0                    JMP FIN_DECENA
                   NUM_4_DECENA
  81DD CE 31 EA                    LDX #CUARENTA     * DIRECCION DE MEMORIA DE
.                  40
  81E0 BD 81 88                    JSR CICLO_ESCRITURA
  81E3 7E 81 C0                    JMP FIN_DECENA
                   NUM_5_DECENA
  81E6 CE 31 ED                    LDX #CINCUENTA     * DIRECCION DE MEMORIA DE
.                  50
  81E9 BD 81 88                    JSR CICLO_ESCRITURA
  81EC 7E 81 C0                    JMP FIN_DECENA
                   NUM_6_DECENA
  81EF CE 31 EF                    LDX #SESENTA     * DIRECCION DE MEMORIA DE 60
  81F2 BD 81 88                    JSR CICLO_ESCRITURA
  81F5 7E 81 C0                    JMP FIN_DECENA
                   NUM_7_DECENA
  81F8 CE 31 F2                    LDX #SETENTA     * DIRECCION DE MEMORIA DE 70
  81FB BD 81 88                    JSR CICLO_ESCRITURA
  ADDR B1 B2 B3 B4 C:\Users\osva_\Desktop\5 SEMESTRE\EPC\68HC11-    PAGE       7

  81FE 7E 81 C0                    JMP FIN_DECENA
                   NUM_8_DECENA
  8201 CE 31 F6                    LDX #OCHENTA     * DIRECCION DE MEMORIA DE 80
  8204 BD 81 88                    JSR CICLO_ESCRITURA
  8207 7E 81 C0                    JMP FIN_DECENA
                   NUM_9_DECENA
  820A CE 31 FB                    LDX #NOVENTA     * DIRECCION DE MEMORIA DE 90
  820D BD 81 88                    JSR CICLO_ESCRITURA
  8210 7E 81 C0                    JMP FIN_DECENA

                   ESCRIBE_UNIDAD
  8213 3C                          PSHX
  8214 A6 00                       LDAA $00,X
  8216 80 30                       SUBA #$30
  8218 81 01                       CMPA #1
  821A 27 22                       BEQ  NUM_1_UNIDAD
  821C 81 02                       CMPA #2
  821E 27 27                       BEQ  NUM_2_UNIDAD
  8220 81 03                       CMPA #3
  8222 27 2C                       BEQ  NUM_3_UNIDAD
  8224 81 04                       CMPA #4
  8226 27 31                       BEQ  NUM_4_UNIDAD
  8228 81 05                       CMPA #5
  822A 27 36                       BEQ  NUM_5_UNIDAD
  822C 81 06                       CMPA #6
  822E 27 3B                       BEQ  NUM_6_UNIDAD
  8230 81 07                       CMPA #7
  8232 27 40                       BEQ  NUM_7_UNIDAD
  8234 81 08                       CMPA #8
  8236 27 45                       BEQ  NUM_8_UNIDAD
  8238 81 09                       CMPA #9
  823A 27 4A                       BEQ  NUM_9_UNIDAD
                   FIN_UNIDAD
  823C 38                          PULX
  823D 39                  RTS

                   NUM_1_UNIDAD
  823E CE 31 FE                    LDX #UNO     * DIRECCION DE MEMORIA DE 1
  8241 BD 81 88                    JSR CICLO_ESCRITURA
  8244 7E 82 3C                    JMP FIN_UNIDAD
                   NUM_2_UNIDAD
  8247 CE 32 00                    LDX #DOS     * DIRECCION DE MEMORIA DE 2
  824A BD 81 88                    JSR CICLO_ESCRITURA
  824D 7E 82 3C                    JMP FIN_UNIDAD
                   NUM_3_UNIDAD
  8250 CE 32 03                    LDX #TRES     * DIRECCION DE MEMORIA DE 3
  8253 BD 81 88                    JSR CICLO_ESCRITURA
  8256 7E 82 3C                    JMP FIN_UNIDAD
                   NUM_4_UNIDAD
  8259 CE 32 07                    LDX #CUATRO     * DIRECCION DE MEMORIA DE 4
  825C BD 81 88                    JSR CICLO_ESCRITURA
  825F 7E 82 3C                    JMP FIN_UNIDAD
                   NUM_5_UNIDAD
  8262 CE 32 0A                    LDX #CINCO     * DIRECCION DE MEMORIA DE 5
  8265 BD 81 88                    JSR CICLO_ESCRITURA
  8268 7E 82 3C                    JMP FIN_UNIDAD
                   NUM_6_UNIDAD
  826B CE 32 0C                    LDX #SEIS     * DIRECCION DE MEMORIA DE 6
  826E BD 81 88                    JSR CICLO_ESCRITURA
  8271 7E 82 3C                    JMP FIN_UNIDAD
                   NUM_7_UNIDAD
  8274 CE 32 0F                    LDX #SIETE     * DIRECCION DE MEMORIA DE 7
  8277 BD 81 88                    JSR CICLO_ESCRITURA
  827A 7E 82 3C                    JMP FIN_UNIDAD
                   NUM_8_UNIDAD
  ADDR B1 B2 B3 B4 C:\Users\osva_\Desktop\5 SEMESTRE\EPC\68HC11-    PAGE       8

  827D CE 32 13                    LDX #OCHO     * DIRECCION DE MEMORIA DE 8
  8280 BD 81 88                    JSR CICLO_ESCRITURA
  8283 7E 82 3C                    JMP FIN_UNIDAD
                   NUM_9_UNIDAD
  8286 CE 32 18                    LDX #NUEVE     * DIRECCION DE MEMORIA DE 9
  8289 BD 81 88                    JSR CICLO_ESCRITURA
  828C 7E 82 3C                    JMP FIN_UNIDAD

                   *************************************************************
.                  **********************
                   *************************************************************
.                  ***********************
                   *************************************************************
.                  *********************
                   *************************************************************
.                  ***********************

                   CYCLEINPUT
  828F 86 3F                       LDAA    #'?
  8291 97 00                       STAA    CARACTER_RECIBIDO
                   CUENTA
  8293 96 00               LDAA    CARACTER_RECIBIDO
  8295 81 3F               CMPA    #'?
  8297 27 FA               BEQ     CUENTA

                   ENTRADA_ROMANO
  8299 D6 10                       LDAB CHARNUMBER
  829B C1 00                       CMPB #0
  829D 26 0B                       BNE ERROR_ARABIGO_SALTO
  829F 81 4D               CMPA #'M
  82A1 27 13               BEQ CASOM
  82A3 81 44               CMPA #'D
  82A5 27 40               BEQ CASOD
  82A7 7E 83 15            JMP SALTOINTERMEDIO1
                   ERROR_ARABIGO_SALTO
  82AA BD 84 91                    JSR ERROR_ESCRITURA_ARABIGO
  82AD 7E 84 60                    JMP FIN
                   ERROR_ROMANO
  82B0 BD 84 A0                    JSR ERROR_ESCRITURA
  82B3 7E 84 60                    JMP FIN

                   CASOM
  82B6 D6 18                       LDAB C                  *Verifica que le haya
.                  llegado una C ANTES para el caso de CM
  82B8 C1 00               CMPB #0
  82BA 26 19               BNE CASOMEXE


  82BC D6 16                       LDAB M
  82BE C1 08                       CMPB #8         *Verifica que no sean ms de 9
.                  M's
  82C0 22 EE                       BHI ERROR_ROMANO

  82C2 BD 84 BF                    JSR D_ERROR

  82C5 A7 00                       STAA $00,X      *Escribir a partir de la
.                  memoria $30 lo que le mande el usuario
  82C7 08                          INX
  82C8 D6 16               LDAB M
  82CA 5C                  INCB
  82CB D7 16               STAB M
  82CD D6 50               LDAB MIL
  82CF 5C                  INCB
  82D0 D7 50               STAB MIL

  ADDR B1 B2 B3 B4 C:\Users\osva_\Desktop\5 SEMESTRE\EPC\68HC11-    PAGE       9

  82D2 7E 82 8F            JMP CYCLEINPUT

                   *CASO DONDE LLEGUE CM
                   CASOMEXE
  82D5 C1 01                       CMPB #1         *Compara si hay una segunda C
  82D7 22 D7                       BHI ERROR_ROMANO
  82D9 CB 05                       ADDB #5
  82DB D7 18                       STAB C          *Carga en C el valor de 5
  82DD C6 09                       LDAB #9
  82DF D7 51               STAB CENTENA    *Carga en las centenas el valor de 9
  82E1 A7 00                       STAA $00,X      *Escribir a partir de la
.                  memoria $70 lo que le mande el usuario
  82E3 08                          INX             *Aumenta la X en 1
  82E4 7E 82 8F            JMP CYCLEINPUT     *Regresa a esperar

                   CASOD

  82E7 BD 84 CF                    JSR L_ERROR
  82EA D6 17                       LDAB D
  82EC 5C                  INCB
  82ED D7 17               STAB D
  82EF C1 02                       CMPB #2
  82F1 27 BD                       BEQ ERROR_ROMANO
.                  *VALIDA QUE NO LLEGUEN 2 O MS D's
  82F3 A7 00                       STAA $00,X
.                  *Escribir a partir de la memoria $70 lo que le mande el
.                  usuario
  82F5 08                          INX
  82F6 D6 18               LDAB C
  82F8 C1 00               CMPB #0
  82FA 26 07               BNE CASODEXE
  82FC C6 05               LDAB #5
  82FE D7 51               STAB CENTENA
  8300 7E 82 8F            JMP CYCLEINPUT
                   CASODEXE
                   ***** CASO CD
  8303 C1 01                       CMPB #1
  8305 22 4E                       BHI ERRORROM     *Compara si hay ms de una C
  8307 CB 05                       ADDB #5
  8309 D7 18                       STAB C          *Carga en C el valor de 5,
.                  porque? ####
  830B C6 04                       LDAB #4
  830D D7 51               STAB CENTENA    *Carga en las centenas el valor de 4
  830F A7 00                       STAA $00,X      *Escribir a partir de la
.                  memoria $70 lo que le mande el usuario
  8311 08                          INX             *Aumenta la X en 1
  8312 7E 82 8F            JMP CYCLEINPUT     *Regresa a esperar


                   SALTOINTERMEDIO1
  8315 81 43                       CMPA #'C
  8317 27 07               BEQ CASOC
  8319 81 4C                       CMPA #'L
  831B 27 3E               BEQ CASOL
  831D 7E 83 89                    JMP SALTOINTERMEDIO

                   *C ES UNA BANDERA A FUTURO PARA ERRORES
                   CASOC
  8320 D6 20                       LDAB X_
.                  *VERIFICA QUE LLEGUE UN XC
  8322 C1 00                       CMPB #0
  8324 26 1D                       BNE CASOCEXE
  8326 D6 18                       LDAB C
  8328 C1 04                       CMPB #4
  832A 22 29                       BHI ERRORROM
  ADDR B1 B2 B3 B4 C:\Users\osva_\Desktop\5 SEMESTRE\EPC\68HC11-    PAGE      10


  832C BD 84 CF                    JSR L_ERROR

  832F D6 18                       LDAB C
  8331 5C                  INCB
  8332 D7 18               STAB C
  8334 C1 04                       CMPB #4
  8336 27 1D                       BEQ ERRORROM            *VALIDA QUE NO
.                  LLEGUEN 4 O MS C's
  8338 A7 00                       STAA $00,X
.                  *Escribir a partir de la memoria $70 lo que le mande el
.                  usuario
  833A 08                          INX
  833B D6 51                       LDAB CENTENA
  833D 5C                  INCB
  833E D7 51               STAB CENTENA
  8340 7E 82 8F            JMP CYCLEINPUT

                   *CASO POR SI LLEGA UN XC
                   CASOCEXE
  8343 C1 01                       CMPB #1
  8345 22 0E                       BHI ERRORROM  * SI ES HAY MS DE UNA C ES
.                  ERROR
  8347 CB 05                       ADDB #5          *PARA FUTURO ERROR XCX
  8349 D7 20                       STAB X_
  834B C6 09                       LDAB #9
  834D D7 52                       STAB DECENA
  834F A7 00                       STAA $00,X      *Escribir a partir de la
.                  memoria $70 lo que le mande el usuario
  8351 08                          INX
  8352 7E 82 8F                    JMP CYCLEINPUT

                   ERRORROM
  8355 BD 84 A0                    JSR ERROR_ESCRITURA
  8358 7E 84 60                    JMP FIN

                   CASOL
  835B D6 20                       LDAB X_
  835D C1 00                       CMPB #0
  835F 26 16                       BNE CASOLEXE
  8361 BD 84 DF                    JSR V_ERROR
  8364 D6 19                       LDAB L
  8366 5C                  INCB
  8367 D7 19               STAB L
  8369 C1 02                       CMPB #2
  836B 27 E8                       BEQ ERRORROM            *VALIDA QUE NO
.                  LLEGUEN 2 O MS L's
  836D A7 00                       STAA $00,X
.                  *Escribir a partir de la memoria $70 lo que le mande el
.                  usuario
  836F 08                          INX
  8370 C6 05                       LDAB #5
  8372 D7 52               STAB DECENA

  8374 7E 82 8F            JMP CYCLEINPUT

                   *PARA CUANDO LLEGA XL
                   CASOLEXE
  8377 C1 01                       CMPB #1
  8379 22 DA                       BHI ERRORROM     *Compara si hay ms de una X
  837B CB 05                       ADDB #5
  837D D7 20                       STAB X_          *Suma en X el valor de 5,
.                  porque? ####
  837F C6 04                       LDAB #4
  8381 D7 52               STAB DECENA     *Carga en las centenas el valor de 4
  ADDR B1 B2 B3 B4 C:\Users\osva_\Desktop\5 SEMESTRE\EPC\68HC11-    PAGE      11

  8383 A7 00                       STAA $00,X      *Escribir a partir de la
.                  memoria $70 lo que le mande el usuario
  8385 08                          INX             *Siguiente Direccion de
.                  escritura
  8386 7E 82 8F            JMP CYCLEINPUT     *Regresa a esperar

                                             **********SALTO INTERMEDIO
                   SALTOINTERMEDIO
  8389 81 58                       CMPA #'X
  838B 27 0B               BEQ CASOX
  838D 81 56               CMPA #'V
  838F 27 42               BEQ CASOV
  8391 81 49               CMPA #'I
  8393 27 78               BEQ CASOI

  8395 7E 83 FE                    JMP SALTOINTERMEDIO2

                   CASOX
  8398 BD 84 DF                    JSR V_ERROR
  839B D6 22                       LDAB I
  839D C1 00                       CMPB #0                 *VALIDA EL CASO IX
  839F 26 20                       BNE CASOXEXE
  83A1 D6 20                       LDAB X_
  83A3 5C                  INCB
  83A4 D7 20               STAB X_
  83A6 C1 03                       CMPB #3
  83A8 22 AB                       BHI ERRORROM
  83AA D6 21                       LDAB V
  83AC C1 00                       CMPB #0                 *VALIDA QUE NO HAYA
.                  V's ANTES DE LA X
  83AE 26 A5                       BNE ERRORROM


  83B0 A7 00                       STAA $00,X                      *Escribir a
.                  partir de la memoria $70 lo que le mande el usuario
  83B2 08                          INX
  83B3 D6 52                       LDAB DECENA
  83B5 5C                          INCB
  83B6 D7 52                       STAB DECENA
  83B8 7E 82 8F            JMP CYCLEINPUT

                   OTRO_ERRORROM
  83BB BD 84 A0                    JSR ERROR_ESCRITURA
  83BE 7E 84 60                    JMP FIN
                   *CUANDO LLEGUE UN IX
                   CASOXEXE
  83C1 C1 01                       CMPB #1
  83C3 22 90                       BHI ERRORROM
  83C5 CB 06                       ADDB #6
  83C7 D7 22                       STAB I
  83C9 C6 09                       LDAB #9
  83CB D7 53                       STAB UNIDAD
  83CD A7 00                       STAA $00,X      *Escribir a partir de la
.                  memoria $70 lo que le mande el usuario
  83CF 08                          INX
  83D0 7E 82 8F                    JMP CYCLEINPUT

                   CASOV
  83D3 D6 22                       LDAB I
  83D5 C1 00                       CMPB #0
  83D7 26 13                       BNE CASOVEXE
  83D9 D6 21                       LDAB V
  83DB 5C                          INCB
  83DC D7 21                       STAB V
  83DE C1 02                       CMPB #2
  ADDR B1 B2 B3 B4 C:\Users\osva_\Desktop\5 SEMESTRE\EPC\68HC11-    PAGE      12

  83E0 27 D9                       BEQ OTRO_ERRORROM               *VALIDA QUE
.                  NO LLEGUEN 2 O MS V's       _2
  83E2 A7 00                       STAA $00,X
.                  *Escribir a partir de la memoria $70 lo que le mande el
.                  usuario
  83E4 08                          INX
  83E5 C6 05                       LDAB #5
  83E7 D7 53                       STAB UNIDAD
  83E9 7E 82 8F                    JMP CYCLEINPUT

                   *CUANDO LLEGUE UN IV
                   CASOVEXE
  83EC C1 01                       CMPB #1
  83EE 22 CB                       BHI OTRO_ERRORROM
  83F0 CB 06                       ADDB #6
  83F2 D7 22                       STAB I
  83F4 C6 04                       LDAB #4
  83F6 D7 53                       STAB UNIDAD
  83F8 A7 00                       STAA $00,X      *Escribir a partir de la
.                  memoria $70 lo que le mande el usuario
  83FA 08                          INX
  83FB 7E 82 8F                    JMP CYCLEINPUT

                   SALTOINTERMEDIO2
  83FE 81 4F               CMPA #'O  *CASO EN QUE RECIBA OK
  8400 27 1F               BEQ CASOO_ROMANO
  8402 81 4B               CMPA #'K
  8404 27 23               BEQ CASOOK_ROMANO
  8406 81 3D                       CMPA #61            *Valida que le llegue un
.                  = para saber que es fin de la cadena que mete el usuario
  8408 27 34                       BEQ ESCRIBECHAR
  840A 7E 84 3B                    JMP SALTOINTERMEDIO1_ERROR

                   CASOI

  840D D6 22                       LDAB I
  840F 5C                          INCB
  8410 D7 22                       STAB I
  8412 C1 03                       CMPB #3
  8414 22 A5                       BHI OTRO_ERRORROM
  8416 A7 00                       STAA $00,X
.                  *Escribir a partir de la memoria $70 lo que le mande el
.                  usuario
  8418 08                          INX
  8419 D6 53                       LDAB UNIDAD
  841B 5C                          INCB
  841C D7 53                       STAB UNIDAD
  841E 7E 82 8F                    JMP CYCLEINPUT

                   CASOO_ROMANO
  8421 D6 23                       LDAB O
  8423 5C                          INCB
  8424 D7 23                       STAB O
  8426 7E 84 60                    JMP FIN

                   CASOOK_ROMANO
  8429 D6 23                       LDAB O
  842B C1 00                       CMPB #0
  842D 26 03                       BNE LIMPIEZA_SALTO      * Si existe una O
  842F 7E 80 0C                    JMP CYCLEIN
                   LIMPIEZA_SALTO
  8432 BD 84 F0                    JSR LIMPIEZA
  8435 BD 80 AA                    JSR INICIALIZAR
  8438 7E 80 0C                    JMP CYCLEIN

  ADDR B1 B2 B3 B4 C:\Users\osva_\Desktop\5 SEMESTRE\EPC\68HC11-    PAGE      13

                   SALTOINTERMEDIO1_ERROR
  843B 7E 82 B0                    JMP ERROR_ROMANO

                   ESCRIBECHAR
                                   *JMP FIN
  843E D6 02                       LDAB BAND_ERROR
  8440 C1 01                       CMPB #1
  8442 27 F7                       BEQ SALTOINTERMEDIO1_ERROR
  8444 C6 30                       LDAB #48  * Es el ascii de 0 en decimal
  8446 96 50                       LDAA MIL
  8448 1B                          ABA
  8449 97 50                       STAA MIL
  844B 96 51                       LDAA CENTENA
  844D 1B                          ABA
  844E 97 51                       STAA CENTENA
  8450 96 52                       LDAA DECENA
  8452 1B                          ABA
  8453 97 52                       STAA DECENA
  8455 96 53                       LDAA UNIDAD
  8457 1B                          ABA
  8458 97 53                       STAA UNIDAD
  845A 7E 85 5A                    JMP MUCHO_TEXTO
  845D 7E 84 60                    JMP FIN

                   FIN
  8460 86 3F                       LDAA    #'?
  8462 97 00                       STAA    CARACTER_RECIBIDO
                   CICLOFIN
  8464 96 00                       LDAA    CARACTER_RECIBIDO
  8466 81 3F                       CMPA    #'?

  8468 27 FA                       BEQ     CICLOFIN
  846A 81 4F                       CMPA #'O
  846C 27 B3                       BEQ CASOO_ROMANO
  846E 81 4B                       CMPA #'K
  8470 27 B7                       BEQ CASOOK_ROMANO
  8472 7E 84 60                    JMP FIN

                   *Configuracion del puerto serial
                   SERIAL
  8475 CC 30 2C            LDD   #$302C  * CONFIGURA PUERTO SERIAL
  8478 B7 10 2B            STAA  BAUD    * BAUD  9600  para cristal de 8MHz
  847B F7 10 2D            STAB  SCCR2   * HABILITA  RX Y TX PERO INTERRUPCN
.                  SOLO RX
  847E 86 00               LDAA  #$00
  8480 B7 10 2C            STAA  SCCR1   * 8 BITS

  8483 86 FE                   LDAA  #$FE    * CONFIG PUERTO D COMO SALIDAS
.                  (EXCEPTO PD0)
  8485 B7 10 09            STAA  DDRD    * SEA  ENABLE DEL DISPLAY  PD4  Y RS
.                  PD3


  8488 86 04               LDAA  #$04
  848A B7 10 3C            STAA  HPRIO

  848D 86 00                       LDAA  #$00
  848F 06                  TAP
  8490 39                  RTS
                   ERROR_ESCRITURA_ARABIGO
  8491 D6 02                       LDAB BAND_ERROR
  8493 5C                          INCB
  8494 D7 02                       STAB BAND_ERROR
  8496 CE 00 50                    LDX #DIRESULTADO     * DIRECCION DEL MENSAJE
  8499 18 CE 30 1E                 LDY #MENSAJE_E_ARABIGO     * ORG DE LOS FCC
  ADDR B1 B2 B3 B4 C:\Users\osva_\Desktop\5 SEMESTRE\EPC\68HC11-    PAGE      14

  849D 7E 84 AC                    JMP ERROR_CICLO
                   ERROR_ESCRITURA
  84A0 D6 02                       LDAB BAND_ERROR
  84A2 5C                          INCB
  84A3 D7 02                       STAB BAND_ERROR
  84A5 CE 00 50                    LDX #DIRESULTADO     * DIRECCION DEL MENSAJE
  84A8 18 CE 30 00                 LDY #MENSAJE_E_ROMANO     * ORG DE LOS FCC
                   ERROR_CICLO
  84AC 18 E6 00                    LDAB $00,Y
  84AF E7 00                       STAB $00,X
  84B1 08                          INX
  84B2 18 08                       INY
  84B4 C1 2E                       CMPB #46        * ASCII DE PUNTO
  84B6 26 F4                       BNE ERROR_CICLO
  84B8 39                          RTS


                   ERROR_SALTO
  84B9 BD 84 A0                    JSR ERROR_ESCRITURA
  84BC 7E 84 EF                    JMP FIN_ERROR

                   D_ERROR
  84BF D6 17                       LDAB D
  84C1 C1 00                       CMPB #0                 *VALIDA QUE NO HAYA
.                  D's ANTES DE LA M
  84C3 26 F4                       BNE ERROR_SALTO

  84C5 81 4D                       CMPA #'M
  84C7 27 06                       BEQ L_ERROR             * VALIDAR QUE M SI
.                  PUEDE TENER UNA C ANTES
                   C_ERROR
  84C9 D6 18                       LDAB C
  84CB C1 00                       CMPB #0                 *VALIDA QUE NO HAYA
.                  D's ANTES DE LA M
  84CD 26 EA                       BNE ERROR_SALTO
                   L_ERROR
  84CF D6 19                       LDAB L
  84D1 C1 00                       CMPB #0                 *VALIDA QUE NO HAYA
.                  L's ANTES DE LA M
  84D3 26 E4                       BNE ERROR_SALTO
  84D5 81 43                       CMPA #'C
  84D7 27 06                       BEQ V_ERROR             * VALIDAR QUE C SI
.                  PUEDE TENER UNA X ANTES
                   X_ERROR
  84D9 D6 20                       LDAB X_
  84DB C1 00                       CMPB #0                 *VALIDA QUE NO HAYA
.                  X's ANTES DE LA M
  84DD 26 DA                       BNE ERROR_SALTO
                   V_ERROR
  84DF D6 21                       LDAB V
  84E1 C1 00                       CMPB #0                 *VALIDA QUE NO HAYA
.                  V's ANTES DE LA M
  84E3 26 D4                       BNE ERROR_SALTO
  84E5 81 58                       CMPA #'X
  84E7 27 06                       BEQ FIN_ERROR           * VALIDAR QUE X SI
.                  PUEDE TENER UNA I ANTES
                   I_ERROR
  84E9 D6 22                       LDAB I
  84EB C1 00                       CMPB #0                 *VALIDA QUE NO HAYA
.                  I's ANTES DE LA M
  84ED 26 CA                       BNE ERROR_SALTO
                   FIN_ERROR
  84EF 39                          RTS

                   LIMPIEZA
  ADDR B1 B2 B3 B4 C:\Users\osva_\Desktop\5 SEMESTRE\EPC\68HC11-    PAGE      15

  84F0 7F 00 16            CLR M
  84F3 7F 00 17            CLR D
  84F6 7F 00 18            CLR C
  84F9 7F 00 19            CLR L
  84FC 7F 00 20            CLR X_
  84FF 7F 00 21            CLR V
  8502 7F 00 22            CLR I
  8505 7F 00 10            CLR CHARNUMBER
  8508 7F 00 24            CLR BANDTRADUC
  850B 7F 00 02            CLR BAND_ERROR

  850E CE 00 50            LDX #DIRESULTADO
  8511 18 CE 00 30         LDY #DIR_INPUT
                   LIMOSA
  8515 C6 FF               LDAB #$FF
  8517 18 E7 00            STAB $00,Y   ** EMPIEZA EN LA $50
  851A 18 08               INY
  851C 18 8C 00 F0         CPY #$00F0   ** TERMINA EN LA 70
  8520 26 F3               BNE LIMOSA
  8522 18 CE 00 30         LDY #DIR_INPUT  ** EMPIEZA EN LA 30
                   LIMOSO
  8526 C6 FF               LDAB #$FF
  8528 18 E7 00            STAB $00,Y
  852B 18 08               INY
  852D 18 8C 00 40         CPY #$0040     ** TERMINA EN LA 40
  8531 26 F3               BNE LIMOSO
  8533 7F 00 53            CLR UNIDAD
  8536 7F 00 52            CLR DECENA
  8539 7F 00 51            CLR CENTENA
  853C 7F 00 50            CLR MIL
  853F 39                  RTS



                   ORIGEN_ARABIGO
                           * JSR DESPLAZA_ARABIGOS
  8540 18 CE 00 30         LDY #DIR_INPUT       ** EL INPUT
  8544 7E 85 64            JMP ESCRIBE_MUCHO_TEXTO
                   ORIGEN_ROMANO
  8547 18 CE 00 50         LDY #DIRESULTADO         ** LA TRADUCCION
  854B 18 A6 00            LDAA $00,Y
  854E 7E 85 75            JMP ENTRADA_MILES

                   ENTRADA_INTERMEDIA_UNIDADES
  8551 7E 89 18            JMP ENTRADA_UNIDADES
                   ENTRADA_INTERMEDIA_DECENAS
  8554 7E 86 E2            JMP ENTRADA_DECENAS
                   ENTRADA_INTERMEDIA_CENTENAS
  8557 7E 86 06            JMP ENTRADA_CENTENAS

                   **SUBRUTINA PARA ESCRIBIR LOS NUMEROS TEXTUALES
                   MUCHO_TEXTO
  855A D6 24               LDAB BANDTRADUC
  855C C1 01               CMPB #1
  855E 27 E0               BEQ ORIGEN_ARABIGO
  8560 C1 02               CMPB #2
  8562 27 E3               BEQ ORIGEN_ROMANO
                   ESCRIBE_MUCHO_TEXTO
  8564 CE 00 70            LDX #DIR_TEXTUAL
  8567 D6 10               LDAB CHARNUMBER
  8569 C1 01               CMPB #1
  856B 27 E4               BEQ ENTRADA_INTERMEDIA_UNIDADES
  856D C1 02               CMPB #2
  856F 27 E3               BEQ ENTRADA_INTERMEDIA_DECENAS
  8571 C1 03               CMPB #3
  ADDR B1 B2 B3 B4 C:\Users\osva_\Desktop\5 SEMESTRE\EPC\68HC11-    PAGE      16

  8573 27 E2               BEQ ENTRADA_INTERMEDIA_CENTENAS
                   ENTRADA_MILES
  8575 CE 00 70            LDX #DIR_TEXTUAL
  8578 18 E6 00            LDAB $00,Y                              ** CARACTER
  857B 18 3C               PSHY
  857D C1 30               CMPB #'0
  857F 27 24               BEQ ESCRIBE_MIL_FIN
  8581 C1 31               CMPB #'1
  8583 27 27               BEQ ESCRIBE_MIL
  8585 C1 32               CMPB #'2
  8587 27 2D               BEQ ESCRIBE_DOS_MIL
  8589 C1 33               CMPB #'3
  858B 27 33               BEQ ESCRIBE_TRES_MIL
  858D C1 34               CMPB #'4
  858F 27 39               BEQ ESCRIBE_CUATRO_MIL
  8591 C1 35               CMPB #'5
  8593 27 3F               BEQ ESCRIBE_CINCO_MIL
  8595 C1 36               CMPB #'6
  8597 27 45               BEQ ESCRIBE_SEIS_MIL
  8599 C1 37               CMPB #'7
  859B 27 4B               BEQ ESCRIBE_SIETE_MIL
  859D C1 38               CMPB #'8
  859F 27 51               BEQ ESCRIBE_OCHO_MIL
  85A1 C1 39               CMPB #'9
  85A3 27 57               BEQ ESCRIBE_NUEVE_MIL

                   ESCRIBE_MIL_FIN
  85A5 18 38               PULY
  85A7 18 08               INY
  85A9 7E 86 06            JMP ENTRADA_CENTENAS

                   ESCRIBE_MIL
  85AC 18 CE 31 C0         LDY #MILWORD
  85B0 BD 89 AB            JSR CICLO_MUCHO_TEXTO
  85B3 7E 85 A5            JMP ESCRIBE_MIL_FIN

                   ESCRIBE_DOS_MIL
  85B6 18 CE 30 5F         LDY #DOSWORD
  85BA BD 89 AB            JSR CICLO_MUCHO_TEXTO
  85BD 7E 85 AC            JMP ESCRIBE_MIL

                   ESCRIBE_TRES_MIL
  85C0 18 CE 30 63         LDY #TRESWORD
  85C4 BD 89 AB            JSR CICLO_MUCHO_TEXTO
  85C7 7E 85 AC            JMP ESCRIBE_MIL

                   ESCRIBE_CUATRO_MIL
  85CA 18 CE 30 68         LDY #CUATROWORD
  85CE BD 89 AB            JSR CICLO_MUCHO_TEXTO
  85D1 7E 85 AC            JMP ESCRIBE_MIL

                   ESCRIBE_CINCO_MIL
  85D4 18 CE 30 6F         LDY #CINCOWORD
  85D8 BD 89 AB            JSR CICLO_MUCHO_TEXTO
  85DB 7E 85 AC            JMP ESCRIBE_MIL

                   ESCRIBE_SEIS_MIL
  85DE 18 CE 30 75         LDY #SEISWORD
  85E2 BD 89 AB            JSR CICLO_MUCHO_TEXTO
  85E5 7E 85 AC            JMP ESCRIBE_MIL

                   ESCRIBE_SIETE_MIL
  85E8 18 CE 30 7A         LDY #SIETEWORD
  85EC BD 89 AB             JSR CICLO_MUCHO_TEXTO
  85EF 7E 85 AC            JMP ESCRIBE_MIL
  ADDR B1 B2 B3 B4 C:\Users\osva_\Desktop\5 SEMESTRE\EPC\68HC11-    PAGE      17


                   ESCRIBE_OCHO_MIL
  85F2 18 CE 30 80         LDY #OCHOWORD
  85F6 BD 89 AB            JSR CICLO_MUCHO_TEXTO
  85F9 7E 85 AC            JMP ESCRIBE_MIL

                   ESCRIBE_NUEVE_MIL
  85FC 18 CE 30 85         LDY #NUEVEWORD
  8600 BD 89 AB            JSR CICLO_MUCHO_TEXTO
  8603 7E 85 AC            JMP ESCRIBE_MIL

                   ENTRADA_CENTENAS
  8606 18 E6 00            LDAB $00,Y                              ** CARACTER
  8609 18 3C               PSHY
  860B C1 30               CMPB #'0
  860D 27 1E               BEQ  ESCRIBE_CIENTOS_FIN
  860F C1 31               CMPB #'1
  8611 27 21               BEQ ESCRIBE_CIEN
  8613 C1 32               CMPB #'2
  8615 27 63               BEQ ESCRIBE_DOS_CIENTOS
  8617 C1 33               CMPB #'3
  8619 27 6A               BEQ ESCRIBE_TRES_CIENTOS
  861B C1 34               CMPB #'4
  861D 27 71               BEQ ESCRIBE_CUATRO_CIENTOS
  861F C1 35               CMPB #'5
  8621 27 78               BEQ ESCRIBE_CINCO_CIENTOS
  8623 7E 86 A5            JMP OTRAS_CENTENAS
                   ESCRIBE_CIENTOS
  8626 18 CE 31 95         LDY #CIENTOSWORD
  862A BD 89 AB            JSR CICLO_MUCHO_TEXTO
                   ESCRIBE_CIENTOS_FIN
  862D 18 38               PULY
  862F 18 08               INY
  8631 7E 86 E2            JMP ENTRADA_DECENAS

                   ESCRIBE_CIEN
                           *CHECAMOS DECENAS
  8634 18 38               PULY
  8636 18 08               INY
  8638 18 E6 00            LDAB $00,Y
  863B C1 30               CMPB #'0
  863D 26 21               BNE ESCRIBE_CIENTO_DEC
  863F 18 09               DEY
  8641 18 3C               PSHY
                           * CHECAMOS UNIDADES
  8643 18 38               PULY
  8645 18 08               INY
  8647 18 08               INY
  8649 18 E6 00            LDAB $00,Y
  864C C1 30               CMPB #'0
  864E 26 17               BNE ESCRIBE_CIENTO_UNI
  8650 18 09               DEY
  8652 18 09               DEY
  8654 18 3C               PSHY
  8656 18 CE 31 89         LDY #CIENWORD
  865A BD 89 AB            JSR CICLO_MUCHO_TEXTO
  865D 7E 86 2D            JMP ESCRIBE_CIENTOS_FIN
                   ESCRIBE_CIENTO_DEC
  8660 18 09               DEY
  8662 18 3C               PSHY
  8664 7E 86 70            JMP ESCRIBE_CIENTO
                   ESCRIBE_CIENTO_UNI
  8667 18 09               DEY
  8669 18 09               DEY
  866B 18 3C               PSHY
  ADDR B1 B2 B3 B4 C:\Users\osva_\Desktop\5 SEMESTRE\EPC\68HC11-    PAGE      18

  866D 7E 86 70            JMP ESCRIBE_CIENTO

                   ESCRIBE_CIENTO
  8670 18 CE 31 8E         LDY #CIENTOWORD
  8674 BD 89 AB            JSR CICLO_MUCHO_TEXTO
  8677 7E 86 2D            JMP ESCRIBE_CIENTOS_FIN

                   ESCRIBE_DOS_CIENTOS
  867A 18 CE 30 5F         LDY #DOSWORD
  867E BD 89 AB            JSR CICLO_MUCHO_TEXTO
  8681 09                  DEX
  8682 7E 86 26            JMP ESCRIBE_CIENTOS

                   ESCRIBE_TRES_CIENTOS
  8685 18 CE 30 63         LDY #TRESWORD
  8689 BD 89 AB            JSR CICLO_MUCHO_TEXTO
  868C 09                  DEX
  868D 7E 86 26            JMP ESCRIBE_CIENTOS

                   ESCRIBE_CUATRO_CIENTOS
  8690 18 CE 30 68         LDY #CUATROWORD
  8694 BD 89 AB            JSR CICLO_MUCHO_TEXTO
  8697 09                  DEX
  8698 7E 86 26            JMP ESCRIBE_CIENTOS

                   ESCRIBE_CINCO_CIENTOS
  869B 18 CE 31 9D         LDY #QUINIENTOSWORD
  869F BD 89 AB            JSR CICLO_MUCHO_TEXTO
  86A2 7E 86 2D            JMP ESCRIBE_CIENTOS_FIN

                   OTRAS_CENTENAS
  86A5 C1 36               CMPB #'6
  86A7 27 0F               BEQ ESCRIBE_SEIS_CIENTOS
  86A9 C1 37               CMPB #'7
  86AB 27 16               BEQ ESCRIBE_SIETE_CIENTOS
  86AD C1 38               CMPB #'8
  86AF 27 1C               BEQ ESCRIBE_OCHO_CIENTOS
  86B1 C1 39               CMPB #'9
  86B3 27 23               BEQ ESCRIBE_NUEVE_CIENTOS
  86B5 7E 86 26            JMP ESCRIBE_CIENTOS

                   ESCRIBE_SEIS_CIENTOS
  86B8 18 CE 30 75         LDY #SEISWORD
  86BC BD 89 AB            JSR CICLO_MUCHO_TEXTO
  86BF 09                  DEX
  86C0 7E 86 26            JMP ESCRIBE_CIENTOS

                   ESCRIBE_SIETE_CIENTOS
  86C3 18 CE 31 A8         LDY #SETECIENTOSWORD
  86C7 BD 89 AB            JSR CICLO_MUCHO_TEXTO
  86CA 7E 86 2D            JMP ESCRIBE_CIENTOS_FIN

                   ESCRIBE_OCHO_CIENTOS
  86CD 18 CE 30 80         LDY #OCHOWORD
  86D1 BD 89 AB            JSR CICLO_MUCHO_TEXTO
  86D4 09                  DEX
  86D5 7E 86 26            JMP ESCRIBE_CIENTOS

                   ESCRIBE_NUEVE_CIENTOS
  86D8 18 CE 31 B4         LDY #NOVECIENTOSWORD
  86DC BD 89 AB            JSR CICLO_MUCHO_TEXTO
  86DF 7E 86 2D            JMP ESCRIBE_CIENTOS_FIN

                   ENTRADA_DECENAS
  86E2 18 E6 00            LDAB $00,Y                              ** CARACTER
  ADDR B1 B2 B3 B4 C:\Users\osva_\Desktop\5 SEMESTRE\EPC\68HC11-    PAGE      19

  86E5 18 3C               PSHY
  86E7 C1 30               CMPB #'0
  86E9 27 0B               BEQ FIN_ENTRADA_DECENAS
  86EB C1 31               CMPB #'1
  86ED 27 11               BEQ ESCRIBE_DIECI
  86EF C1 32               CMPB #'2
  86F1 27 0A               BEQ ESCRIBE_SALTO_VEINTI
  86F3 7E 88 16            JMP COMPARA_TANTOS
                   FIN_ENTRADA_DECENAS
  86F6 18 38               PULY
  86F8 18 08               INY
  86FA 7E 89 18            JMP ENTRADA_UNIDADES
                   ESCRIBE_SALTO_VEINTI
  86FD 7E 87 7E            JMP ESCRIBE_VEINTI
                   ESCRIBE_DIECI
  8700 18 38               PULY
  8702 18 08               INY
  8704 18 E6 00            LDAB $00,Y
  8707 18 09               DEY
  8709 18 3C               PSHY
  870B C1 30               CMPB #'0
  870D 27 1E               BEQ ESCRIBE_DIEZ
  870F C1 31               CMPB #'1
  8711 27 24               BEQ ESCRIBE_ONCE
  8713 C1 32               CMPB #'2
  8715 27 2A               BEQ ESCRIBE_DOCE
  8717 C1 33               CMPB #'3
  8719 27 30               BEQ ESCRIBE_TRECE
  871B C1 34               CMPB #'4
  871D 27 36               BEQ ESCRIBE_CATORCE
  871F C1 35               CMPB #'5
  8721 27 3C               BEQ ESCRIBE_QUINCE
  8723 C1 36               CMPB #'6
  8725 27 42               BEQ ESCRIBE_DIECISEIS

  8727 7E 87 73            JMP ESCRIBE_DIECIWORD
  872A 7E 89 9E            JMP FIN_MUCHO_TEXTO

                   ESCRIBE_DIEZ
  872D 18 CE 30 91         LDY #DIEZWORD
  8731 BD 89 AB            JSR CICLO_MUCHO_TEXTO
  8734 7E 89 9E            JMP FIN_MUCHO_TEXTO
                   ESCRIBE_ONCE
  8737 18 CE 30 96         LDY #ONCEWORD
  873B BD 89 AB            JSR CICLO_MUCHO_TEXTO
  873E 7E 89 9E            JMP FIN_MUCHO_TEXTO
                   ESCRIBE_DOCE
  8741 18 CE 30 9B         LDY #DOCEWORD
  8745 BD 89 AB            JSR CICLO_MUCHO_TEXTO
  8748 7E 89 9E            JMP FIN_MUCHO_TEXTO
                   ESCRIBE_TRECE
  874B 18 CE 30 A0         LDY #TRECEWORD
  874F BD 89 AB            JSR CICLO_MUCHO_TEXTO
  8752 7E 89 9E            JMP FIN_MUCHO_TEXTO
                   ESCRIBE_CATORCE
  8755 18 CE 30 A6         LDY #CATORCEWORD
  8759 BD 89 AB            JSR CICLO_MUCHO_TEXTO
  875C 7E 89 9E            JMP FIN_MUCHO_TEXTO
                   ESCRIBE_QUINCE
  875F 18 CE 30 AE         LDY #QUINCEWORD
  8763 BD 89 AB            JSR CICLO_MUCHO_TEXTO
  8766 7E 89 9E            JMP FIN_MUCHO_TEXTO
                   ESCRIBE_DIECISEIS
  8769 18 CE 30 B5         LDY #DIECISEISWORD
  876D BD 89 AB            JSR CICLO_MUCHO_TEXTO
  ADDR B1 B2 B3 B4 C:\Users\osva_\Desktop\5 SEMESTRE\EPC\68HC11-    PAGE      20

  8770 7E 89 9E            JMP FIN_MUCHO_TEXTO
                   ESCRIBE_DIECIWORD
  8773 18 CE 30 8B         LDY #DIECIWORD
  8777 BD 89 AB            JSR CICLO_MUCHO_TEXTO
  877A 09                  DEX
  877B 7E 86 F6            JMP FIN_ENTRADA_DECENAS

                   ESCRIBE_VEINTI
  877E 18 38               PULY            **ESTO SE VE MEDIO RARO
  8780 18 08               INY
  8782 18 E6 00            LDAB $00,Y                              ** Revisamos
.                  caracter de unidades
  8785 18 3C               PSHY
  8787 C1 30               CMPB #'0
  8789 27 27               BEQ ESCRIBE_VEINTE
  878B C1 31               CMPB #'1
  878D 27 2D               BEQ ESCRIBE_VEINTIUNO
  878F C1 32               CMPB #'2
  8791 27 33               BEQ ESCRIBE_VEINTIDOS
  8793 C1 33               CMPB #'3
  8795 27 39               BEQ ESCRIBE_VEINTITRES
  8797 C1 34               CMPB #'4
  8799 27 3F               BEQ ESCRIBE_VEINTICUATRO
  879B C1 35               CMPB #'5
  879D 27 45               BEQ ESCRIBE_VEINTICINCO
  879F C1 36               CMPB #'6
  87A1 27 4B               BEQ ESCRIBE_VEINTISEIS
  87A3 C1 37               CMPB #'7
  87A5 27 51               BEQ ESCRIBE_VEINTISIETE
  87A7 C1 38               CMPB #'8
  87A9 27 57               BEQ ESCRIBE_VEINTIOCHO
  87AB C1 39               CMPB #'9
  87AD 27 5D               BEQ ESCRIBE_VEINTINUEVE
  87AF 7E 89 9E            JMP FIN_MUCHO_TEXTO             **SE IRIA AL FIN

                   *VEINTES

                   ESCRIBE_VEINTE
  87B2 18 CE 30 DF         LDY #VEINTEWORD
  87B6 BD 89 AB            JSR CICLO_MUCHO_TEXTO
  87B9 7E 89 9E            JMP FIN_MUCHO_TEXTO
                   ESCRIBE_VEINTIUNO
  87BC 18 CE 30 E6         LDY #VEINTIUNOWORD
  87C0 BD 89 AB            JSR CICLO_MUCHO_TEXTO
  87C3 7E 89 9E            JMP FIN_MUCHO_TEXTO
                   ESCRIBE_VEINTIDOS
  87C6 18 CE 30 F0         LDY #VEINTIDOSWORD
  87CA BD 89 AB            JSR CICLO_MUCHO_TEXTO
  87CD 7E 89 9E            JMP FIN_MUCHO_TEXTO
                   ESCRIBE_VEINTITRES
  87D0 18 CE 30 FA         LDY #VEINTITRESWORD
  87D4 BD 89 AB            JSR CICLO_MUCHO_TEXTO
  87D7 7E 89 9E            JMP FIN_MUCHO_TEXTO
                   ESCRIBE_VEINTICUATRO
  87DA 18 CE 31 05         LDY #VEINTICUATROWORD
  87DE BD 89 AB            JSR CICLO_MUCHO_TEXTO
  87E1 7E 89 9E            JMP FIN_MUCHO_TEXTO
                   ESCRIBE_VEINTICINCO
  87E4 18 CE 31 12         LDY #VEINTICINCOWORD
  87E8 BD 89 AB            JSR CICLO_MUCHO_TEXTO
  87EB 7E 89 9E            JMP FIN_MUCHO_TEXTO
                   ESCRIBE_VEINTISEIS
  87EE 18 CE 31 1E         LDY #VEINTISEISWORD
  87F2 BD 89 AB            JSR CICLO_MUCHO_TEXTO
  87F5 7E 89 9E            JMP FIN_MUCHO_TEXTO
  ADDR B1 B2 B3 B4 C:\Users\osva_\Desktop\5 SEMESTRE\EPC\68HC11-    PAGE      21

                   ESCRIBE_VEINTISIETE
  87F8 18 CE 31 29         LDY #VEINTISIETEWORD
  87FC BD 89 AB            JSR CICLO_MUCHO_TEXTO
  87FF 7E 89 9E            JMP FIN_MUCHO_TEXTO
                   ESCRIBE_VEINTIOCHO
  8802 18 CE 31 35         LDY #VEINTIOCHOWORD
  8806 BD 89 AB            JSR CICLO_MUCHO_TEXTO
  8809 7E 89 9E            JMP FIN_MUCHO_TEXTO
                   ESCRIBE_VEINTINUEVE
  880C 18 CE 31 40         LDY #VEINTINUEVEWORD
  8810 BD 89 AB            JSR CICLO_MUCHO_TEXTO
  8813 7E 89 9E            JMP FIN_MUCHO_TEXTO


                   COMPARA_TANTOS
  8816 C1 33               CMPB #'3
  8818 27 0F               BEQ ESCRIBE_TREINTA
  881A C1 34               CMPB #'4
  881C 27 2B               BEQ ESCRIBE_CUARENTA
  881E C1 35               CMPB #'5
  8820 27 47               BEQ ESCRIBE_CINCUENTA
  8822 C1 36               CMPB #'6
  8824 27 63               BEQ ESCRIBE_SESENTA
  8826 7E 88 A9            JMP COMPARA_OTROS_TANTOS


                   ***TREINTAS

                   ESCRIBE_TREINTA
  8829 18 CE 31 4E         LDY #TREINTAWORD
  882D BD 89 AB            JSR CICLO_MUCHO_TEXTO

  8830 18 38               PULY
  8832 18 08               INY
  8834 18 E6 00            LDAB $00,Y
  8837 18 09               DEY
  8839 18 3C               PSHY
  883B C1 30               CMPB #'0
  883D 27 07               BEQ FIN_ESCRIBE_TREINTA

  883F 18 CE 31 4C         LDY #YWORD
  8843 BD 89 AB            JSR CICLO_MUCHO_TEXTO
                   FIN_ESCRIBE_TREINTA
  8846 7E 86 F6            JMP FIN_ENTRADA_DECENAS


                   **CUARENTAS
                   ESCRIBE_CUARENTA
  8849 18 CE 31 56         LDY #CUARENTAWORD
  884D BD 89 AB            JSR CICLO_MUCHO_TEXTO

  8850 18 38               PULY
  8852 18 08               INY
  8854 18 E6 00            LDAB $00,Y
  8857 18 09               DEY
  8859 18 3C               PSHY
  885B C1 30               CMPB #'0
  885D 27 07               BEQ FIN_ESCRIBE_CUARENTA

  885F 18 CE 31 4C         LDY #YWORD
  8863 BD 89 AB            JSR CICLO_MUCHO_TEXTO
                   FIN_ESCRIBE_CUARENTA
  8866 7E 86 F6            JMP FIN_ENTRADA_DECENAS

                   **CINCUENTAS
  ADDR B1 B2 B3 B4 C:\Users\osva_\Desktop\5 SEMESTRE\EPC\68HC11-    PAGE      22

                   ESCRIBE_CINCUENTA
  8869 18 CE 31 5F         LDY #CINCUENTAWORD
  886D BD 89 AB            JSR CICLO_MUCHO_TEXTO

  8870 18 38               PULY
  8872 18 08               INY
  8874 18 E6 00            LDAB $00,Y
  8877 18 09               DEY
  8879 18 3C               PSHY
  887B C1 30               CMPB #'0
  887D 27 07               BEQ FIN_ESCRIBE_CINCUENTA

  887F 18 CE 31 4C         LDY #YWORD
  8883 BD 89 AB            JSR CICLO_MUCHO_TEXTO
                   FIN_ESCRIBE_CINCUENTA
  8886 7E 86 F6            JMP FIN_ENTRADA_DECENAS

                   **SESENTAS
                   ESCRIBE_SESENTA
  8889 18 CE 31 69         LDY #SESENTAWORD
  888D BD 89 AB            JSR CICLO_MUCHO_TEXTO

  8890 18 38               PULY
  8892 18 08               INY
  8894 18 E6 00            LDAB $00,Y
  8897 18 09               DEY
  8899 18 3C               PSHY
  889B C1 30               CMPB #'0
  889D 27 07               BEQ FIN_ESCRIBE_SESENTA

  889F 18 CE 31 4C         LDY #YWORD
  88A3 BD 89 AB            JSR CICLO_MUCHO_TEXTO
                   FIN_ESCRIBE_SESENTA
  88A6 7E 86 F6            JMP FIN_ENTRADA_DECENAS

                   COMPARA_OTROS_TANTOS
  88A9 C1 37               CMPB #'7
  88AB 27 0B               BEQ ESCRIBE_SETENTA
  88AD C1 38               CMPB #'8
  88AF 27 27               BEQ ESCRIBE_OCHENTA
  88B1 C1 39               CMPB #'9
  88B3 27 43               BEQ ESCRIBE_NOVENTA
  88B5 7E 86 F6            JMP FIN_ENTRADA_DECENAS


                   *SETENTAS
                   ESCRIBE_SETENTA
  88B8 18 CE 31 71         LDY #SETENTAWORD
  88BC BD 89 AB            JSR CICLO_MUCHO_TEXTO

  88BF 18 38               PULY
  88C1 18 08               INY
  88C3 18 E6 00            LDAB $00,Y
  88C6 18 09               DEY
  88C8 18 3C               PSHY
  88CA C1 30               CMPB #'0
  88CC 27 07               BEQ FIN_ESCRIBE_SETENTA

  88CE 18 CE 31 4C         LDY #YWORD
  88D2 BD 89 AB            JSR CICLO_MUCHO_TEXTO
                   FIN_ESCRIBE_SETENTA
  88D5 7E 86 F6            JMP FIN_ENTRADA_DECENAS

                   *OCHENTAS
                   ESCRIBE_OCHENTA
  ADDR B1 B2 B3 B4 C:\Users\osva_\Desktop\5 SEMESTRE\EPC\68HC11-    PAGE      23

  88D8 18 CE 31 79         LDY #OCHENTAWORD
  88DC BD 89 AB            JSR CICLO_MUCHO_TEXTO


  88DF 18 38               PULY
  88E1 18 08               INY
  88E3 18 E6 00            LDAB $00,Y
  88E6 18 09               DEY
  88E8 18 3C               PSHY
  88EA C1 30               CMPB #'0
  88EC 27 07               BEQ FIN_ESCRIBE_OCHENTA

  88EE 18 CE 31 4C         LDY #YWORD
  88F2 BD 89 AB            JSR CICLO_MUCHO_TEXTO
                   FIN_ESCRIBE_OCHENTA
  88F5 7E 86 F6            JMP FIN_ENTRADA_DECENAS

                   *NOVENTAS
                   ESCRIBE_NOVENTA
  88F8 18 CE 31 81         LDY #NOVENTAWORD
  88FC BD 89 AB            JSR CICLO_MUCHO_TEXTO

  88FF 18 38               PULY
  8901 18 08               INY
  8903 18 E6 00            LDAB $00,Y
  8906 18 09               DEY
  8908 18 3C               PSHY
  890A C1 30               CMPB #'0
  890C 27 07               BEQ FIN_ESCRIBE_NOVENTA

  890E 18 CE 31 4C         LDY #YWORD
  8912 BD 89 AB            JSR CICLO_MUCHO_TEXTO
                   FIN_ESCRIBE_NOVENTA
  8915 7E 86 F6            JMP FIN_ENTRADA_DECENAS

                   ENTRADA_UNIDADES
  8918 18 E6 00            LDAB $00,Y                              ** CARACTER
  891B 18 3C               PSHY
                   *       CMPB #'0
                   *       BEQ CICLO_MUCHO_TEXTO
  891D C1 31               CMPB #'1
  891F 27 23               BEQ ESCRIBE_UNO
  8921 C1 32               CMPB #'2
  8923 27 29               BEQ ESCRIBE_DOS
  8925 C1 33               CMPB #'3
  8927 27 2F               BEQ ESCRIBE_TRES
  8929 C1 34               CMPB #'4
  892B 27 35               BEQ ESCRIBE_CUATRO
  892D C1 35               CMPB #'5
  892F 27 3B               BEQ ESCRIBE_CINCO
  8931 C1 36               CMPB #'6
  8933 27 41               BEQ ESCRIBE_SEIS
  8935 C1 37               CMPB #'7
  8937 27 47               BEQ ESCRIBE_SIETE
  8939 C1 38               CMPB #'8
  893B 27 4D               BEQ ESCRIBE_OCHO
  893D C1 39               CMPB #'9
  893F 27 53               BEQ ESCRIBE_NUEVE

  8941 7E 89 9E            JMP FIN_MUCHO_TEXTO
                   ESCRIBE_UNO
  8944 18 CE 30 5A         LDY #UNOWORD
  8948 BD 89 AB            JSR CICLO_MUCHO_TEXTO
  894B 7E 89 9E            JMP FIN_MUCHO_TEXTO

  ADDR B1 B2 B3 B4 C:\Users\osva_\Desktop\5 SEMESTRE\EPC\68HC11-    PAGE      24

                   ESCRIBE_DOS
  894E 18 CE 30 5F         LDY #DOSWORD
  8952 BD 89 AB            JSR CICLO_MUCHO_TEXTO
  8955 7E 89 9E            JMP FIN_MUCHO_TEXTO

                   ESCRIBE_TRES
  8958 18 CE 30 63         LDY #TRESWORD
  895C BD 89 AB            JSR CICLO_MUCHO_TEXTO
  895F 7E 89 9E            JMP FIN_MUCHO_TEXTO

                   ESCRIBE_CUATRO
  8962 18 CE 30 68         LDY #CUATROWORD
  8966 BD 89 AB            JSR CICLO_MUCHO_TEXTO
  8969 7E 89 9E            JMP FIN_MUCHO_TEXTO

                   ESCRIBE_CINCO
  896C 18 CE 30 6F         LDY #CINCOWORD
  8970 BD 89 AB            JSR CICLO_MUCHO_TEXTO
  8973 7E 89 9E            JMP FIN_MUCHO_TEXTO

                   ESCRIBE_SEIS
  8976 18 CE 30 75         LDY #SEISWORD
  897A BD 89 AB            JSR CICLO_MUCHO_TEXTO
  897D 7E 89 9E            JMP FIN_MUCHO_TEXTO

                   ESCRIBE_SIETE
  8980 18 CE 30 7A         LDY #SIETEWORD
  8984 BD 89 AB            JSR CICLO_MUCHO_TEXTO
  8987 7E 89 9E            JMP FIN_MUCHO_TEXTO

                   ESCRIBE_OCHO
  898A 18 CE 30 80         LDY #OCHOWORD
  898E BD 89 AB            JSR CICLO_MUCHO_TEXTO
  8991 7E 89 9E            JMP FIN_MUCHO_TEXTO

                   ESCRIBE_NUEVE
  8994 18 CE 30 85         LDY #NUEVEWORD
  8998 BD 89 AB            JSR CICLO_MUCHO_TEXTO
  899B 7E 89 9E            JMP FIN_MUCHO_TEXTO


                   FIN_MUCHO_TEXTO
  899E BD 89 A4            JSR PRIMER_MAYUSCULA
  89A1 7E 80 0C            JMP CYCLEIN

                   PRIMER_MAYUSCULA
  89A4 96 70                       LDAA $0070
  89A6 80 20                       SUBA #$20
  89A8 97 70                       STAA $0070
  89AA 39                          RTS

                   CICLO_MUCHO_TEXTO
  89AB 18 E6 00            LDAB $00,Y              * TOMA CARACTER DEL FCC
  89AE E7 00                       STAB $00,X      * ESCRIBE EL CHAR EN LA DIR
.                  DE X
  89B0 08                          INX
  89B1 18 08                       INY                     * INCREMENTAMOS X Y Y
  89B3 C1 20                       CMPB #$20        * ASCII DE ESPACIO
  89B5 26 F4                       BNE CICLO_MUCHO_TEXTO   * MIENTRAS NO
.                  ENCONTREMOS UN PUNTO(.) SE REPITE
  89B7 18 09                       DEY
  89B9 39                          RTS


                                           *------------------------------------
  ADDR B1 B2 B3 B4 C:\Users\osva_\Desktop\5 SEMESTRE\EPC\68HC11-    PAGE      25

.                  --
                                           *  ESPACIO PARA LAS CADENAS A MOSTRAR
                                           *------------------------------------
.                  --
                                           ORG $3000
  3000 45 52 52 4F MENSAJE_E_ROMANO        FCC "ERROR, NUMERO ROMANO INVALIDO."
. 3004 52 2C 20 4E *29 CARACTERES
. 3008 55 35 45 52
. 300C 4F 20 52 4F
. 3010 4D 41 4E 32
. 3014 20 49 4E 56
. 3018 41 4C 49 44
. 301C 4F 2E
  301E 45 52 52 4F MENSAJE_E_ARABIGO       FCC "ERROR, NUMERO ARABIGO INVALIDO."
. 3022 52 2C 20 4E *30
. 3026 55 4D 45 52
. 302A 4F 20 41 52
. 302E 41 42 49 47
. 3032 4F 20 49 4E
. 3036 56 41 4C 49
. 303A 44 00 2E
  303D 45 52 52 4F MENSAJE_E_RANGO         FCC "ERROR, NUMERO FUERA DE RANGO."
. 3041 52 2C 20 4E *28
. 3045 55 4D 45 52
. 3049 4F 20 46 55
. 304D 45 52 41 20
. 3051 44 45 20 52
. 3055 41 4E 47 4F
. 3059 2E
                                           *------------------------------------
.                  --
                                           * FCC PARA LA TRADUCCION A LETRAS
                                           *------------------------------------
.                  --
  305A 75 6E 6F 20 UNOWORD                                 FCC "uno  "
. 305E 20
  305F 64 6F 73 20 DOSWORD                                 FCC "dos "
  3063 74 72 65 73 TRESWORD                                FCC     "tres "
. 3067 20
  3068 63 75 61 74 CUATROWORD                              FCC     "cuatro "
. 306C 72 6F 20
  306F 63 69 6E 63 CINCOWORD                               FCC     "cinco "
. 3073 6F 20
  3075 73 65 69 73 SEISWORD                                FCC     "seis "
. 3079 20
  307A 73 69 65 74 SIETEWORD                               FCC     "siete "
. 307E 65 20
  3080 6F 63 68 6F OCHOWORD                                FCC     "ocho "
. 3084 20
  3085 6E 75 65 76 NUEVEWORD                               FCC     "nueve "
. 3089 65 20
  308B 64 69 65 63 DIECIWORD                               FCC "dieci "
. 308F 69 20
  3091 64 69 65 7A DIEZWORD                                FCC     "diez "
. 3095 20
  3096 6F 6E 63 65 ONCEWORD                                FCC "once "
. 309A 20
  309B 64 6F 63 65 DOCEWORD                                FCC "doce "
. 309F 20
  30A0 74 72 65 63 TRECEWORD                               FCC "trece "
. 30A4 65 20
  30A6 63 61 74 6F CATORCEWORD                             FCC "catorce "
. 30AA 72 63 65 20
  30AE 71 75 69 6E QUINCEWORD                              FCC "quince "
. 30B2 63 65 20
  ADDR B1 B2 B3 B4 C:\Users\osva_\Desktop\5 SEMESTRE\EPC\68HC11-    PAGE      26

  30B5 64 69 65 63 DIECISEISWORD                   FCC "diecisEis "
. 30B9 69 73 45 69
. 30BD 73 20
  30BF 64 69 65 63 DIECISIETEWORD                  FCC "diecisiete "
. 30C3 69 73 69 65
. 30C7 74 65 20
  30CA 64 69 65 63 DIECIOCHOWORD                   FCC "dieciocho "
. 30CE 69 6F 63 68
. 30D2 6F 20
  30D4 64 69 65 63 DIECINUEVEWORD                  FCC "diecinueve "
. 30D8 69 6E 75 65
. 30DC 76 65 20
  30DF 76 65 69 6E VEINTEWORD                              FCC "veinte "
. 30E3 74 65 20
  30E6 76 65 69 6E VEINTIUNOWORD                   FCC "veintiuno "
. 30EA 74 69 75 6E
. 30EE 6F 20
  30F0 76 65 69 6E VEINTIDOSWORD                   FCC "veintidOs "
. 30F4 74 69 64 4F
. 30F8 73 20
  30FA 76 65 69 6E VEINTITRESWORD                  FCC "veintitrEs "
. 30FE 74 69 74 72
. 3102 45 73 20
  3105 76 65 69 6E VEINTICUATROWORD                FCC "veinticuatro "
. 3109 74 69 63 75
. 310D 61 74 72 6F
. 3111 20
  3112 76 65 69 6E VEINTICINCOWORD                 FCC "veinticinco "
. 3116 74 69 63 69
. 311A 6E 63 6F 20
  311E 76 65 69 6E VEINTISEISWORD                  FCC "veintisEis "
. 3122 74 69 73 45
. 3126 69 73 20
  3129 76 65 69 6E VEINTISIETEWORD                 FCC "veintisiete "
. 312D 74 69 73 69
. 3131 65 74 65 20
  3135 76 65 69 6E VEINTIOCHOWORD                  FCC "veintiocho "
. 3139 74 69 6F 63
. 313D 68 6F 20
  3140 76 65 69 6E VEINTINUEVEWORD                 FCC "veintinueve "
. 3144 74 69 6E 75
. 3148 65 76 65 20
  314C 79 20       YWORD                                   FCC "y "
  314E 74 72 65 69 TREINTAWORD                             FCC "treinta "
. 3152 6E 74 61 20
  3156 63 75 61 72 CUARENTAWORD                    FCC "cuarenta "
. 315A 65 6E 74 61
. 315E 20
  315F 63 69 6E 63 CINCUENTAWORD                   FCC "cincuenta "
. 3163 75 65 6E 74
. 3167 61 20
  3169 73 65 73 65 SESENTAWORD                             FCC "sesenta "
. 316D 6E 74 61 20
  3171 73 65 74 65 SETENTAWORD                             FCC "setenta "
. 3175 6E 74 61 20
  3179 6F 63 68 65 OCHENTAWORD                             FCC "ochenta "
. 317D 6E 74 61 20
  3181 6E 6F 76 65 NOVENTAWORD                             FCC "noventa "
. 3185 6E 74 61 20
  3189 63 69 65 6E CIENWORD                                FCC "cien "
. 318D 20
  318E 63 69 65 6E CIENTOWORD                              FCC "ciento "
. 3192 74 6F 20
  3195 63 69 65 6E CIENTOSWORD                             FCC "cientos "
. 3199 74 6F 73 20
  ADDR B1 B2 B3 B4 C:\Users\osva_\Desktop\5 SEMESTRE\EPC\68HC11-    PAGE      27

  319D 71 75 69 6E QUINIENTOSWORD                  FCC "quinientos "
. 31A1 69 65 6E 74
. 31A5 6F 73 20
  31A8 73 65 74 65 SETECIENTOSWORD                 FCC "setecientos "
. 31AC 63 69 65 6E
. 31B0 74 6F 73 20
  31B4 6E 6F 76 65 NOVECIENTOSWORD                 FCC "novecientos "
. 31B8 63 69 65 6E
. 31BC 74 6F 73 20
  31C0 6D 69 6C 20 MILWORD                                 FCC "mil "
                                                   *----------------------------
.                  ----------
                                                   *  FCC PARA LA TRADUCCION
.                  ARABIGO - ROMANO
                                                   *----------------------------
.                  ----------
  31C4 43 20       CIEN                            FCC "C "                *100
  31C6 43 43 20    DOSCIENTOS          FCC "CC "                   *200
  31C9 43 43 43 20 TRESCIENTOS         FCC "CCC "          *300
  31CD 43 44 20    CUATROCIENTOS       FCC "CD "                   *400
  31D0 44 20       QUINIENTOS          FCC "D "                    *500
  31D2 44 43 20    SEISCIENTOS         FCC "DC "                   *600
  31D5 44 43 43 20 SETECIENTOS             FCC "DCC "              *700
  31D9 44 43 43 43 OCHOCIENTOS             FCC "DCCC "             *800
. 31DD 20
  31DE 43 4D 20    NOVECIENTOS             FCC "CM "               *900
  31E1 58 20       DIEZ                    FCC "X "            *10
  31E3 58 58 20    VEINTE              FCC "XX "           *20
  31E6 58 58 58 20 TREINTA                 FCC "XXX "          *30
  31EA 58 4C 20    CUARENTA            FCC "XL "           *40
  31ED 4C 20       CINCUENTA           FCC "L "            *50
  31EF 4C 58 20    SESENTA                         FCC "LX "           *60
  31F2 4C 58 58 20 SETENTA                         FCC "LXX "          *70
  31F6 4C 58 58 58 OCHENTA                         FCC "LXXX "         *80
. 31FA 20
  31FB 58 43 20    NOVENTA                         FCC "XC "               *90
  31FE 49 20       UNO                                     FCC "I "
.                  *1
  3200 49 49 20    DOS                                     FCC "II "
.                  *2
  3203 49 49 49 20 TRES                            FCC "III "              *3
  3207 49 56 20    CUATRO                          FCC "IV "               *4
  320A 56 20       CINCO                           FCC "V "                *5
  320C 56 49 20    SEIS                            FCC "VI "               *6
  320F 56 49 49 20 SIETE                           FCC "VII "              *7
  3213 56 49 49 49 OCHO                            FCC "VIII "         *8
. 3217 20
  3218 49 58 20    NUEVE                           FCC "IX "           *9

                   ***********************************
                   * ATENCION A INTERRUPCION SERIAL
                   ***********************************
                           ORG     $F100
  F100 B6 10 2E            LDAA    SCSR
  F103 B6 10 2F            LDAA    SCDR
  F106 97 00               STAA    CARACTER_RECIBIDO
  F108 3B                  RTI

                   ***********************************
                   * VECTOR INTERRUPCION SERIAL
                   ***********************************
                           ORG     $FFD6
  FFD6 F1 00               FCB     $F1,$00


  ADDR B1 B2 B3 B4 C:\Users\osva_\Desktop\5 SEMESTRE\EPC\68HC11-    PAGE      28

                   ***********************************
                   *RESET
                   ***********************************
                           ORG     $FFFE
  FFFE 80 00       RESET   FCB     $80,$00
                   ***********************************

                           END     $8000

  Symbol Table 

  CUARENTA           31EA
  ENTRADA_INTERMEDIA_UNIDADES 8551
  CIENTOSWORD        3195
  DIEZWORD           3091
  DIECIOCHOWORD      30CA
  MENSAJE_E_ROMANO   3000
  CUATROCIENTOS      31CD
  ERROR_ESCRITURA_ARABIGO 8491
  TRES               3203
  NUM_3_CENTENA      8149
  UNOWORD            305A
  NUM_2_DECENA       81CB
  CYCLEESMIL         807F
  ESCRIBE_CUATRO     8962
  CICLOLIMPIEZA1     80C0
  FIN_DECENA         81C0
  CICLOLIMPIEZA2     80D1
  SERIAL             8475
  ESCRIBE_DOS_MIL    85B6
  SESENTAWORD        3169
  NUEVE              3218
  OCHOCIENTOS        31D9
  ESCRIBE_ONCE       8737
  FIN_ISARABIGO      80F5
  SETECIENTOS        31D5
  NUM_4_DECENA       81DD
  FIN_ESCRIBE_NOVENTA 8915
  ERNUMRANGE         809D
  FIN_ESCRIBE_SETENTA 88D5
  CIENTOWORD         318E
  ESCRIBE_VEINTE     87B2
  ERROR              80FB
  ESCRIBE_MUCHO_TEXTO 8564
  NUEVEWORD          3085
  SETECIENTOSWORD    31A8
  ESCRIBE_VEINTI     877E
  MUCHO_TEXTO        855A
  FIN_ESCRIBE_OCHENTA 88F5
  FIN_ENTRADA_DECENAS 86F6
  QUINIENTOS         31D0
  NUM_4_CENTENA      8152
  MENSAJE_E_ARABIGO  301E
  VEINTIUNOWORD      30E6
  NUM_6_DECENA       81EF
  SIETE              320F
  YWORD              314C
  CASOCEXE           8343
  ESCENTE            808C
  C                  0018
  D                  0017
  SETENTAWORD        3171
  I                  0022
  NUM_2_UNIDAD       8247
  VEINTISEISWORD     311E
  Symbol Table     C:\Users\osva_\Desktop\5 SEMESTRE\EPC\68HC11-    PAGE      29

  L                  0019
  CONTADOR_EXT       0010
  M                  0016
  CIENWORD           3189
  O                  0023
  BAND_ERROR         0002
  FIN_UNIDAD         823C
  ESCRIBE_CUARENTA   8849
  NUM_8_DECENA       8201
  ESCRIBE_QUINCE     875F
  V                  0021
  CINCUENTAWORD      315F
  VEINTISIETEWORD    3129
  ENTRADA_ROMANO     8299
  ESCRIBE_TRES       8958
  ESCRIBE_VEINTIUNO  87BC
  ESCRIBECHAR        843E
  CSCTL              105D
  ENTRADA_MILES      8575
  CASOLEXE           8377
  NUM_4_UNIDAD       8259
  CUARENTAWORD       3156
  NUM_5_CENTENA      815B
  ESCRIBE_NUEVE_MIL  85FC
  ESCRIBE_SEIS_CIENTOS 86B8
  CASOO_ARABIGO      803F
  FIN_ESCRIBE_SESENTA 88A6
  VEINTITRESWORD     30FA
  TRECEWORD          30A0
  X_                 0020
  ESCRIBE_OCHO_CIENTOS 86CD
  NUM_6_UNIDAD       826B
  ISARABIGO          80EB
  DIR_TEXTUAL        0070
  D_ERROR            84BF
  SCCR1              102C
  SCCR2              102D
  VEINTIOCHOWORD     3135
  ESCRIBE_DOS        894E
  ESCRIBE_CIENTO     8670
  CUENTA             8293
  I_ERROR            84E9
  DIECIWORD          308B
  ESCRIBE_SALTO_VEINTI 86FD
  CASOXEXE           83C1
  SEISCIENTOS        31D2
  NUM_8_UNIDAD       827D
  BAUD               102B
  CIEN               31C4
  BANDTRADUC         0024
  ESCRIBE_VEINTINUEVE 880C
  NUM_6_CENTENA      8164
  ENTRADA_CENTENAS   8606
  CINCO              320A
  ONCEWORD           3096
  DOSCIENTOS         31C6
  CICLO              8010
  ENTRADA_UNIDADES   8918
  MILWORD            31C0
  QUINCEWORD         30AE
  ESCRIBE_CIENTOS_FIN 862D
  DOCEWORD           309B
  ERROR_ARABIGO_SALTO 82AA
  ESDEC              8090
  NOVECIENTOS        31DE
  Symbol Table     C:\Users\osva_\Desktop\5 SEMESTRE\EPC\68HC11-    PAGE      30

  FIN_CENTENA        8135
  ESCRIBE_SEIS_MIL   85DE
  TREINTAWORD        314E
  CINCUENTA          31ED
  X_ERROR            84D9
  CARACTER_RECIBIDO  0000
  ESCRIBE_VEINTISIETE 87F8
  ESCRIBE_CUATRO_MIL 85CA
  DECENA             0052
  LIMPIEZA_SALTO     8432
  SALTOINTERMEDIO1   8315
  ERROR_ESCRITURA    84A0
  SALTOINTERMEDIO2   83FE
  CYCLEINPUT         828F
  ESCRIBE_NUEVE      8994
  DOS                3200
  CASOOK_ARABIGO     8047
  NUM_7_CENTENA      816D
  ESCRIBE_VEINTIOCHO 8802
  NOVENTAWORD        3181
  OPT2               1038
  ESCRIBE_TRECE      874B
  ESCRIBE_TRES_MIL   85C0
  MENSAJE_E_RANGO    303D
  VEINTINUEVEWORD    3140
  C_ERROR            84C9
  CASODEXE           8303
  ESMIL              8079
  DOSWORD            305F
  CASOOK_ROMANO      8429
  ESCRIBE_SIETE      8980
  ESCRIBE_OCHO_MIL   85F2
  NUM_1_DECENA       81C2
  ESCRIBE_VEINTISEIS 87EE
  ESCRIBE_CIEN       8634
  ESCRIBE_TREINTA    8829
  NUM_8_CENTENA      8176
  UNIDAD             0053
  DIECISIETEWORD     30BF
  ORIGEN_ROMANO      8547
  ROMANOTRADUCT      8053
  NUM_3_DECENA       81D4
  RESET              FFFE
  CASOMEXE           82D5
  OTRAS_CENTENAS     86A5
  TREINTA            31E6
  CONTADOR           0028
  TRESCIENTOS        31C9
  LIMOSA             8515
  SEISWORD           3075
  INICIALIZAR        80AA
  CUATROWORD         3068
  COMPARA_TANTOS     8816
  CICLO_MUCHO_TEXTO  89AB
  ESCRIBE_VEINTICINCO 87E4
  CHARNUMBER         0010
  ESCRIBE_CENTENA    810C
  VEINTIDOSWORD      30F0
  CINCOWORD          306F
  NUM_5_DECENA       81E6
  ERROR_CICLO        84AC
  ERROR_CICLO1       80FF
  LIMOSO             8526
  FIN_ESCRIBE_CUARENTA 8866
  BANDERA_ERROR      0011
  Symbol Table     C:\Users\osva_\Desktop\5 SEMESTRE\EPC\68HC11-    PAGE      31

  ESCRIBE_DOCE       8741
  CASOVEXE           83EC
  NUM_9_CENTENA      817F
  CENTENA            0051
  HPRIO              103C
  NUM_1_UNIDAD       823E
  ESCRIBE_CIENTOS    8626
  ERROR_ROMANO       82B0
  ESCRIBE_CATORCE    8755
  SALTOINROMANO      8038
  TRESWORD           3063
  ESCRIBE_UNO        8944
  NUM_7_DECENA       81F8
  ESCRIBE_DIECI      8700
  SALTOINTERMEDIO1_ERROR 843B
  ESCRIBE_DECENA     8197
  OCHO               3213
  ESCRIBE_MIL_FIN    85A5
  SCSR               102E
  QUINIENTOSWORD     319D
  NUM_3_UNIDAD       8250
  ESCRIBE_CINCO      896C
  DIEZ               31E1
  DIR_INPUT          0030
  FIN                8460
  OCHOWORD           3080
  NUM_9_DECENA       820A
  ESCRIBE_NOVENTA    88F8
  ESCRIBE_SETENTA    88B8
  L_ERROR            84CF
  ESCRIBE_CINCO_MIL  85D4
  NUM_5_UNIDAD       8262
  ESCRIBE_CIENTO_UNI 8667
  ESCRIBE_OCHENTA    88D8
  ENTRADA_DECENAS    86E2
  SEIS               320C
  NOVENTA            31FB
  PRIMER_MAYUSCULA   89A4
  SETENTA            31F2
  ESCRIBE_NUEVE_CIENTOS 86D8
  ESCRIBE_VEINTITRES 87D0
  CUATRO             3207
  ENTRADARABIGOS     8016
  UNO                31FE
  V_ERROR            84DF
  OCHENTA            31F6
  ESCRIBE_CIENTO_DEC 8660
  DDRD               1009
  NUM_7_UNIDAD       8274
  ESCRIBE_UNIDAD     8213
  OTRO_ERRORROM      83BB
  ESCRIBE_DIECISEIS  8769
  DIECINUEVEWORD     30D4
  ESCRIBE_CUATRO_CIENTOS 8690
  ESCRIBE_MIL        85AC
  NUM_1_CENTENA      8137
  CYCLEIN            800C
  SCDR               102F
  ESCRIBE_SIETE_CIENTOS 86C3
  VEINTE             31E3
  SIETEWORD          307A
  ESCRIBE_DIECIWORD  8773
  FIN_ESCRIBE_CINCUENTA 8886
  ESCRIBE_VEINTIDOS  87C6
  NUM_9_UNIDAD       8286
  Symbol Table     C:\Users\osva_\Desktop\5 SEMESTRE\EPC\68HC11-    PAGE      32

  CATORCEWORD        30A6
  ESCRIBE_VEINTICUATRO 87DA
  ESCRIBE_DOS_CIENTOS 867A
  CASOC              8320
  CASOD              82E7
  ORIGEN_ARABIGO     8540
  ESCRIBE_SESENTA    8889
  CASOI              840D
  ESCRIBE_OCHO       898A
  DIECISEISWORD      30B5
  CASOL              835B
  OCHENTAWORD        3179
  CASOM              82B6
  CICLO_ESCRITURA    8188
  ESCRIBE_DIEZ       872D
  FIN_MUCHO_TEXTO    899E
  ESUNID             8094
  VEINTEWORD         30DF
  FIN_ESCRIBE_TREINTA 8846
  NOVECIENTOSWORD    31B4
  CICLOFIN           8464
  CASOV              83D3
  SESENTA            31EF
  ESCRIBE_CINCO_CIENTOS 869B
  FIN_ERROR          84EF
  CASOX              8398
  CASOO_ROMANO       8421
  NUM_2_CENTENA      8140
  SPCR               1028
  ESCRIBE_CINCUENTA  8869
  ERROR_ARABIGO      80F6
  ERROR_SALTO        84B9
  ERRORROM           8355
  MIL                0050
  INICIO             8000
  ESCRIBE_SEIS       8976
  COMPARA_OTROS_TANTOS 88A9
  LIMPIEZA           84F0
  SALTOINTERMEDIO    8389
  ENTRADA_INTERMEDIA_DECENAS 8554
  VEINTICUATROWORD   3105
  ESCRIBE_SIETE_MIL  85E8
  ESCRIBE_TRES_CIENTOS 8685
  VEINTICINCOWORD    3112
  ENTRADA_INTERMEDIA_CENTENAS 8557
  DIRESULTADO        0050
